2025-05-06 21:54:55,526 - __main__ - INFO - Starting paper results generation
2025-05-06 21:54:55,526 - __main__ - INFO - Datasets: ['web-Stanford']
2025-05-06 21:54:55,526 - __main__ - INFO - Methods: ['community']
2025-05-06 21:54:55,526 - __main__ - INFO - Compression ratios: [0.05, 0.1, 0.2]
2025-05-06 21:54:55,526 - __main__ - INFO - Using paper metrics: False
2025-05-06 21:54:55,526 - __main__ - INFO - Using spectral metrics: False
2025-05-06 21:54:55,526 - __main__ - INFO - Processing dataset: web-Stanford
2025-05-06 21:54:55,527 - graphsum.io.snap - INFO - Dataset already exists at data/web-Stanford.txt
2025-05-06 21:54:55,527 - graphsum.io.snap - INFO - Loading graph from data/web-Stanford.txt
2025-05-06 21:55:00,372 - graphsum.io.snap - INFO - Loaded graph with 281903 nodes and 2312497 edges
2025-05-06 21:55:00,433 - __main__ - INFO - Loaded graph with 281903 nodes and 2312497 edges
2025-05-06 21:55:00,433 - __main__ - INFO -   Running method: community
2025-05-06 21:55:00,433 - __main__ - INFO -     Compression ratio: 0.05
2025-05-06 21:55:00,434 - __main__ - INFO -       Run 1/5
2025-05-06 21:55:00,434 - __main__ - ERROR - Error in run 1: Unknown summarization method: community
2025-05-06 21:55:00,434 - __main__ - INFO -       Run 2/5
2025-05-06 21:55:00,434 - __main__ - ERROR - Error in run 2: Unknown summarization method: community
2025-05-06 21:55:00,434 - __main__ - INFO -       Run 3/5
2025-05-06 21:55:00,434 - __main__ - ERROR - Error in run 3: Unknown summarization method: community
2025-05-06 21:55:00,434 - __main__ - INFO -       Run 4/5
2025-05-06 21:55:00,434 - __main__ - ERROR - Error in run 4: Unknown summarization method: community
2025-05-06 21:55:00,434 - __main__ - INFO -       Run 5/5
2025-05-06 21:55:00,434 - __main__ - ERROR - Error in run 5: Unknown summarization method: community
2025-05-06 21:55:00,434 - __main__ - INFO -     Compression ratio: 0.1
2025-05-06 21:55:00,434 - __main__ - INFO -       Run 1/5
2025-05-06 21:55:00,434 - __main__ - ERROR - Error in run 1: Unknown summarization method: community
2025-05-06 21:55:00,434 - __main__ - INFO -       Run 2/5
2025-05-06 21:55:00,434 - __main__ - ERROR - Error in run 2: Unknown summarization method: community
2025-05-06 21:55:00,434 - __main__ - INFO -       Run 3/5
2025-05-06 21:55:00,434 - __main__ - ERROR - Error in run 3: Unknown summarization method: community
2025-05-06 21:55:00,434 - __main__ - INFO -       Run 4/5
2025-05-06 21:55:00,434 - __main__ - ERROR - Error in run 4: Unknown summarization method: community
2025-05-06 21:55:00,434 - __main__ - INFO -       Run 5/5
2025-05-06 21:55:00,434 - __main__ - ERROR - Error in run 5: Unknown summarization method: community
2025-05-06 21:55:00,434 - __main__ - INFO -     Compression ratio: 0.2
2025-05-06 21:55:00,434 - __main__ - INFO -       Run 1/5
2025-05-06 21:55:00,434 - __main__ - ERROR - Error in run 1: Unknown summarization method: community
2025-05-06 21:55:00,434 - __main__ - INFO -       Run 2/5
2025-05-06 21:55:00,434 - __main__ - ERROR - Error in run 2: Unknown summarization method: community
2025-05-06 21:55:00,434 - __main__ - INFO -       Run 3/5
2025-05-06 21:55:00,434 - __main__ - ERROR - Error in run 3: Unknown summarization method: community
2025-05-06 21:55:00,434 - __main__ - INFO -       Run 4/5
2025-05-06 21:55:00,434 - __main__ - ERROR - Error in run 4: Unknown summarization method: community
2025-05-06 21:55:00,434 - __main__ - INFO -       Run 5/5
2025-05-06 21:55:00,434 - __main__ - ERROR - Error in run 5: Unknown summarization method: community
2025-05-06 21:55:00,434 - __main__ - WARNING - No results were collected.
2025-05-06 21:55:00,434 - __main__ - INFO - Paper results generation complete
