2025-05-08 15:21:57,127 - __main__ - INFO - Starting paper results generation
2025-05-08 15:21:57,127 - __main__ - INFO - Datasets: ['web-NotreDame']
2025-05-08 15:21:57,127 - __main__ - INFO - Methods: ['collapse']
2025-05-08 15:21:57,127 - __main__ - INFO - Compression ratios: [0.01]
2025-05-08 15:21:57,127 - __main__ - INFO - Using paper metrics: True
2025-05-08 15:21:57,127 - __main__ - INFO - Using spectral metrics: False
2025-05-08 15:21:57,127 - __main__ - INFO - Processing dataset: web-NotreDame
2025-05-08 15:21:57,127 - graphsum.io.snap - INFO - Dataset already exists at data/web-NotreDame.txt
2025-05-08 15:21:57,127 - graphsum.io.snap - INFO - Loading graph from data/web-NotreDame.txt
2025-05-08 15:21:59,859 - graphsum.io.snap - INFO - Loaded graph with 325729 nodes and 1497134 edges
2025-05-08 15:21:59,908 - __main__ - INFO - Loaded graph with 325729 nodes and 1497134 edges
2025-05-08 15:21:59,909 - __main__ - INFO -   Running method: collapse
2025-05-08 15:21:59,909 - __main__ - INFO -     Compression ratio: 0.01
2025-05-08 15:21:59,909 - __main__ - INFO -       Run 1/1
2025-05-08 15:21:59,909 - graphsum.summarizers.community - INFO - Converting directed graph to undirected for community detection
2025-05-08 15:22:02,754 - graphsum.summarizers.community - INFO - Detecting communities using Louvain method (resolution=1.0)
2025-05-08 15:22:02,814 - graphsum.summarizers.community - INFO - Graph has 325729 nodes and 1117563 edges
2025-05-08 15:22:02,871 - graphsum.summarizers.community - INFO - Graph density: 0.0000210664
2025-05-08 15:24:28,929 - graphsum.summarizers.community - INFO - Community detection completed in 149.02 seconds
2025-05-08 15:24:28,932 - graphsum.summarizers.community - INFO - Detected 570 communities
2025-05-08 15:24:30,995 - graphsum.summarizers.community - INFO - Summary graph created in 2.06 seconds
2025-05-08 15:24:30,995 - graphsum.summarizers.community - INFO - Summary: 570 nodes, 2296 edges
2025-05-08 15:24:30,995 - __main__ - INFO -   Summary created with 570 nodes and 2296 edges in 151.09 seconds
2025-05-08 15:24:30,995 - __main__ - INFO -   Running standard evaluation metrics
2025-05-08 15:24:30,995 - graphsum.evaluation.evaluator - INFO - Running comprehensive evaluation of graph summary
2025-05-08 15:24:30,995 - graphsum.evaluation.evaluator - INFO - Evaluating PageRank preservation
2025-05-08 15:24:33,586 - graphsum.evaluation.evaluator - INFO - Evaluating centrality preservation
2025-05-08 15:24:36,031 - graphsum.evaluation.evaluator - INFO - Evaluating community structure preservation
2025-05-08 15:24:36,031 - graphsum.evaluation.evaluator - WARNING - Large graph detected, using simplified community evaluation
2025-05-08 15:24:36,055 - graphsum.evaluation.evaluator - INFO - Converting directed subgraph to undirected for community detection
2025-05-08 15:24:37,365 - graphsum.evaluation.evaluator - INFO - Evaluating degree distribution preservation
2025-05-08 15:24:37,679 - graphsum.evaluation.evaluator - INFO - Evaluating clustering coefficient preservation
2025-05-08 15:24:38,260 - graphsum.evaluation.evaluator - INFO - Evaluating path length preservation
2025-05-08 15:26:26,039 - graphsum.evaluation.evaluator - INFO - Evaluating compression and runtime metrics
2025-05-08 15:26:28,633 - graphsum.evaluation.evaluator - INFO - Evaluation completed in 2.59 seconds
2025-05-08 15:26:28,633 - __main__ - INFO -   Running paper-specific metrics
2025-05-08 15:26:28,633 - graphsum.evaluation.paper_metrics - INFO - Running paper metrics evaluation
2025-05-08 15:26:28,633 - graphsum.evaluation.paper_metrics - INFO - Computing spectral approximation error
