2025-05-06 22:21:06,325 - __main__ - INFO - Starting paper results generation
2025-05-06 22:21:06,325 - __main__ - INFO - Datasets: ['web-Stanford']
2025-05-06 22:21:06,325 - __main__ - INFO - Methods: ['collapse', 'sparsifier', 'coarsener']
2025-05-06 22:21:06,325 - __main__ - INFO - Compression ratios: [0.01]
2025-05-06 22:21:06,325 - __main__ - INFO - Using paper metrics: True
2025-05-06 22:21:06,325 - __main__ - INFO - Using spectral metrics: False
2025-05-06 22:21:06,325 - __main__ - INFO - Processing dataset: web-Stanford
2025-05-06 22:21:06,325 - graphsum.io.snap - INFO - Dataset already exists at data/web-Stanford.txt
2025-05-06 22:21:06,325 - graphsum.io.snap - INFO - Loading graph from data/web-Stanford.txt
2025-05-06 22:21:11,107 - graphsum.io.snap - INFO - Loaded graph with 281903 nodes and 2312497 edges
2025-05-06 22:21:11,167 - __main__ - INFO - Loaded graph with 281903 nodes and 2312497 edges
2025-05-06 22:21:11,167 - __main__ - INFO -   Running method: collapse
2025-05-06 22:21:11,168 - __main__ - INFO -     Compression ratio: 0.01
2025-05-06 22:21:11,168 - __main__ - INFO -       Run 1/1
2025-05-06 22:21:11,168 - graphsum.summarizers.community - INFO - Converting directed graph to undirected for community detection
2025-05-06 22:21:15,109 - graphsum.summarizers.community - INFO - Detecting communities using Louvain method (resolution=1.0)
2025-05-06 22:21:15,168 - graphsum.summarizers.community - INFO - Graph has 281903 nodes and 1992636 edges
2025-05-06 22:21:15,226 - graphsum.summarizers.community - INFO - Graph density: 0.0000501488
2025-05-06 22:36:32,364 - graphsum.summarizers.community - INFO - Community detection completed in 921.19 seconds
2025-05-06 22:36:32,369 - graphsum.summarizers.community - INFO - Detected 744 communities
2025-05-06 22:36:35,253 - graphsum.summarizers.community - INFO - Summary graph created in 2.88 seconds
2025-05-06 22:36:35,254 - graphsum.summarizers.community - INFO - Summary: 744 nodes, 1274 edges
2025-05-06 22:36:35,254 - __main__ - INFO -   Summary created with 744 nodes and 1274 edges in 924.09 seconds
2025-05-06 22:36:35,254 - __main__ - INFO -   Running standard evaluation metrics
2025-05-06 22:36:35,254 - graphsum.evaluation.evaluator - INFO - Running comprehensive evaluation of graph summary
2025-05-06 22:36:35,254 - graphsum.evaluation.evaluator - INFO - Evaluating PageRank preservation
2025-05-06 22:36:40,133 - graphsum.evaluation.evaluator - INFO - Evaluating centrality preservation
2025-05-06 22:36:46,887 - graphsum.evaluation.evaluator - INFO - Evaluating community structure preservation
2025-05-06 22:36:46,888 - graphsum.evaluation.evaluator - WARNING - Large graph detected, using simplified community evaluation
2025-05-06 22:36:46,917 - __main__ - ERROR - Error in run 1: Bad graph type, use only non directed graph
2025-05-06 22:36:46,922 - __main__ - INFO -   Running method: sparsifier
2025-05-06 22:36:46,922 - __main__ - INFO -     Compression ratio: 0.01
2025-05-06 22:36:46,922 - __main__ - INFO -       Run 1/1
2025-05-06 22:36:46,922 - graphsum.summarizers.spectral - INFO - Creating spectral summary with 2819 nodes (reduction=0.01)
2025-05-06 22:36:46,922 - graphsum.summarizers.spectral - INFO - Converting directed graph to undirected for spectral analysis
2025-05-06 22:36:51,451 - graphsum.summarizers.spectral - INFO - Computing graph Laplacian
2025-05-06 22:36:56,837 - graphsum.summarizers.spectral - INFO - Computing eigenvectors
